pub mod nested_comments { let a = "/* aaaaaaaaaaaaa */"; let b = '/'; let c = "/*"; let d = "*/"; let e = "/* not a /* nested */ comment */"; let f = "///"; let g = "\\\" /* this is not a comment */\n\n \""; let h = "\\"; let i = 12 13; let j = 12 ; let k = "'//this is not a comment' '' // not a comment either"; } pub mod outer_module { pub mod inner_module {} pub mod degenerate_cases { pub mod dummy_item {} } }