IF
NON_KEYWORD_IDENTIFIER
GE
NON_KEYWORD_IDENTIFIER
AND
NON_KEYWORD_IDENTIFIER
NE
INTEGER_LITERAL
L_BRACE
RETURN
NON_KEYWORD_IDENTIFIER
PLUS
INTEGER_LITERAL
SEMICOLON
R_BRACE
TOK_EOF
