LET
NON_KEYWORD_IDENTIFIER
ASSIGN
CHAR_LITERAL
SEMICOLON
LET
NON_KEYWORD_IDENTIFIER
ASSIGN
CHAR_LITERAL
SEMICOLON
LET
NON_KEYWORD_IDENTIFIER
ASSIGN
CHAR_LITERAL
SEMICOLON
LET
NON_KEYWORD_IDENTIFIER
ASSIGN
CHAR_LITERAL
SEMICOLON
TOK_EOF
