NON_KEYWORD_IDENTIFIER
SHL_EQ
INTEGER_LITERAL
SEMICOLON
NON_KEYWORD_IDENTIFIER
SHR_EQ
INTEGER_LITERAL
SEMICOLON
NON_KEYWORD_IDENTIFIER
EQ
MINUS
INTEGER_LITERAL
SEMICOLON
TOK_EOF
