LET
NON_KEYWORD_IDENTIFIER
ASSIGN
INTEGER_LITERAL
SEMICOLON
TOK_EOF
