LET
NON_KEYWORD_IDENTIFIER
ASSIGN
INTEGER_LITERAL
UNKNOWN
INTEGER_LITERAL
SEMICOLON
LET
NON_KEYWORD_IDENTIFIER
ASSIGN
INTEGER_LITERAL
UNKNOWN
INTEGER_LITERAL
SEMICOLON
TOK_EOF
