LET
NON_KEYWORD_IDENTIFIER
ASSIGN
SELF
SEMICOLON
LET
NON_KEYWORD_IDENTIFIER
ASSIGN
SELF_TYPE
SEMICOLON
TOK_EOF
