LET
NON_KEYWORD_IDENTIFIER
ASSIGN
NON_KEYWORD_IDENTIFIER
PLUS
NON_KEYWORD_IDENTIFIER
STAR
L_PAREN
NON_KEYWORD_IDENTIFIER
MINUS
NON_KEYWORD_IDENTIFIER
R_PAREN
SEMICOLON
TOK_EOF
