MATCH
NON_KEYWORD_IDENTIFIER
COLON_COLON
NON_KEYWORD_IDENTIFIER
COLON_COLON
NON_KEYWORD_IDENTIFIER
L_BRACE
NON_KEYWORD_IDENTIFIER
L_PAREN
NON_KEYWORD_IDENTIFIER
R_PAREN
FAT_ARROW
NON_KEYWORD_IDENTIFIER
COMMA
NON_KEYWORD_IDENTIFIER
L_PAREN
NON_KEYWORD_IDENTIFIER
R_PAREN
FAT_ARROW
NON_KEYWORD_IDENTIFIER
NOT
L_PAREN
R_PAREN
COMMA
R_BRACE
TOK_EOF
