FN
NON_KEYWORD_IDENTIFIER
L_PAREN
R_PAREN
L_BRACE
LET
NON_KEYWORD_IDENTIFIER
ASSIGN
INTEGER_LITERAL
SEMICOLON
R_BRACE
TOK_EOF
