FN
NON_KEYWORD_IDENTIFIER
L_PAREN
R_PAREN
L_BRACE
NON_KEYWORD_IDENTIFIER
L_PAREN
R_PAREN
SEMICOLON
NON_KEYWORD_IDENTIFIER
L_PAREN
R_PAREN
SEMICOLON
R_BRACE
FN
NON_KEYWORD_IDENTIFIER
L_PAREN
R_PAREN
L_BRACE
LET
NON_KEYWORD_IDENTIFIER
ASSIGN
INTEGER_LITERAL
SEMICOLON
NON_KEYWORD_IDENTIFIER
NOT
L_PAREN
STRING_LITERAL
COMMA
NON_KEYWORD_IDENTIFIER
R_PAREN
SEMICOLON
R_BRACE
FN
NON_KEYWORD_IDENTIFIER
L_PAREN
R_PAREN
L_BRACE
LET
NON_KEYWORD_IDENTIFIER
ASSIGN
STRING_LITERAL
SEMICOLON
NON_KEYWORD_IDENTIFIER
NOT
L_PAREN
STRING_LITERAL
COMMA
NON_KEYWORD_IDENTIFIER
R_PAREN
SEMICOLON
LET
NON_KEYWORD_IDENTIFIER
ASSIGN
TRUE
SEMICOLON
LET
NON_KEYWORD_IDENTIFIER
ASSIGN
STRING_LITERAL
SEMICOLON
R_BRACE
TOK_EOF
