LET
NON_KEYWORD_IDENTIFIER
ASSIGN
INTEGER_LITERAL
SEMICOLON
LET
NON_KEYWORD_IDENTIFIER
ASSIGN
INTEGER_LITERAL
SEMICOLON
LET
NON_KEYWORD_IDENTIFIER
ASSIGN
INTEGER_LITERAL
PLUS
MINUS
INTEGER_LITERAL
SEMICOLON
TOK_EOF
