LET
NON_KEYWORD_IDENTIFIER
ASSIGN
STRING_LITERAL
SEMICOLON
TOK_EOF
