LET
NON_KEYWORD_IDENTIFIER
ASSIGN
STRING_LITERAL
TOK_EOF
