FN
NON_KEYWORD_IDENTIFIER
L_PAREN
R_PAREN
L_BRACE
LET
AS
ASSIGN
STRING_LITERAL
SEMICOLON
LET
BREAK
ASSIGN
STRING_LITERAL
SEMICOLON
LET
CONST
ASSIGN
STRING_LITERAL
SEMICOLON
LET
CONTINUE
ASSIGN
STRING_LITERAL
SEMICOLON
LET
CRATE
ASSIGN
STRING_LITERAL
SEMICOLON
LET
ELSE
ASSIGN
STRING_LITERAL
SEMICOLON
LET
ENUM
ASSIGN
STRING_LITERAL
SEMICOLON
LET
EXTERN
ASSIGN
STRING_LITERAL
SEMICOLON
LET
FALSE
ASSIGN
STRING_LITERAL
SEMICOLON
LET
FN
ASSIGN
STRING_LITERAL
SEMICOLON
LET
FOR
ASSIGN
STRING_LITERAL
SEMICOLON
LET
IF
ASSIGN
STRING_LITERAL
SEMICOLON
LET
IMPL
ASSIGN
STRING_LITERAL
SEMICOLON
LET
IN
ASSIGN
STRING_LITERAL
SEMICOLON
LET
LET
ASSIGN
STRING_LITERAL
SEMICOLON
LET
LOOP
ASSIGN
STRING_LITERAL
SEMICOLON
LET
MATCH
ASSIGN
STRING_LITERAL
SEMICOLON
LET
MOD
ASSIGN
STRING_LITERAL
SEMICOLON
LET
MOVE
ASSIGN
STRING_LITERAL
SEMICOLON
LET
MUT
ASSIGN
STRING_LITERAL
SEMICOLON
LET
PUB
ASSIGN
STRING_LITERAL
SEMICOLON
LET
REF
ASSIGN
STRING_LITERAL
SEMICOLON
LET
RETURN
ASSIGN
STRING_LITERAL
SEMICOLON
LET
SELF
ASSIGN
STRING_LITERAL
SEMICOLON
LET
SELF_TYPE
ASSIGN
STRING_LITERAL
SEMICOLON
LET
STATIC
ASSIGN
STRING_LITERAL
SEMICOLON
LET
STRUCT
ASSIGN
STRING_LITERAL
SEMICOLON
LET
SUPER
ASSIGN
STRING_LITERAL
SEMICOLON
LET
TRAIT
ASSIGN
STRING_LITERAL
SEMICOLON
LET
TRUE
ASSIGN
STRING_LITERAL
SEMICOLON
LET
TYPE
ASSIGN
STRING_LITERAL
SEMICOLON
LET
UNSAFE
ASSIGN
STRING_LITERAL
SEMICOLON
LET
USE
ASSIGN
STRING_LITERAL
SEMICOLON
LET
WHERE
ASSIGN
STRING_LITERAL
SEMICOLON
LET
WHILE
ASSIGN
STRING_LITERAL
SEMICOLON
LET
ASYNC
ASSIGN
STRING_LITERAL
SEMICOLON
LET
AWAIT
ASSIGN
STRING_LITERAL
SEMICOLON
LET
DYN
ASSIGN
STRING_LITERAL
SEMICOLON
LET
ABSTRACT
ASSIGN
STRING_LITERAL
SEMICOLON
LET
BECOME
ASSIGN
STRING_LITERAL
SEMICOLON
LET
BOX
ASSIGN
STRING_LITERAL
SEMICOLON
LET
DO
ASSIGN
STRING_LITERAL
SEMICOLON
LET
FINAL
ASSIGN
STRING_LITERAL
SEMICOLON
LET
MACRO
ASSIGN
STRING_LITERAL
SEMICOLON
LET
OVERRIDE
ASSIGN
STRING_LITERAL
SEMICOLON
LET
PRIV
ASSIGN
STRING_LITERAL
SEMICOLON
LET
TYPEOF
ASSIGN
STRING_LITERAL
SEMICOLON
LET
UNSIZED
ASSIGN
STRING_LITERAL
SEMICOLON
LET
VIRTUAL
ASSIGN
STRING_LITERAL
SEMICOLON
LET
YIELD
ASSIGN
STRING_LITERAL
SEMICOLON
LET
TRY
ASSIGN
STRING_LITERAL
SEMICOLON
LET
GEN
ASSIGN
STRING_LITERAL
SEMICOLON
LET
NON_KEYWORD_IDENTIFIER
UNKNOWN
AS
ASSIGN
STRING_LITERAL
SEMICOLON
LET
NON_KEYWORD_IDENTIFIER
UNKNOWN
BREAK
ASSIGN
STRING_LITERAL
SEMICOLON
LET
NON_KEYWORD_IDENTIFIER
UNKNOWN
CONST
ASSIGN
STRING_LITERAL
SEMICOLON
LET
NON_KEYWORD_IDENTIFIER
UNKNOWN
ABSTRACT
ASSIGN
STRING_LITERAL
SEMICOLON
LET
NON_KEYWORD_IDENTIFIER
UNKNOWN
BECOME
ASSIGN
STRING_LITERAL
SEMICOLON
NON_KEYWORD_IDENTIFIER
L_PAREN
R_PAREN
SEMICOLON
NON_KEYWORD_IDENTIFIER
L_PAREN
R_PAREN
SEMICOLON
R_BRACE
FN
NON_KEYWORD_IDENTIFIER
L_PAREN
R_PAREN
L_BRACE
LET
NON_KEYWORD_IDENTIFIER
ASSIGN
STRING_LITERAL
SEMICOLON
NON_KEYWORD_IDENTIFIER
NON_KEYWORD_IDENTIFIER
L_BRACE
NON_KEYWORD_IDENTIFIER
COLON
NON_KEYWORD_IDENTIFIER
R_BRACE
SEMICOLON
R_BRACE
FN
NON_KEYWORD_IDENTIFIER
L_PAREN
R_PAREN
L_BRACE
LET
NON_KEYWORD_IDENTIFIER
ASSIGN
STRING_LITERAL
SEMICOLON
LET
NON_KEYWORD_IDENTIFIER
ASSIGN
NON_KEYWORD_IDENTIFIER
CONST
NON_KEYWORD_IDENTIFIER
SEMICOLON
R_BRACE
TOK_EOF
